Open Watcom Linker Version 1.9
Portions Copyright (c) 1985-2002 Sybase, Inc. All Rights Reserved.
Created on:       11/10/23 14:46:07
Executable Image: idlehlt.sys
creating an OS/2 16-bit dynamic link library


                        +------------+
                        |   Groups   |
                        +------------+

Group                           Address              Size
=====                           =======              ====

DGROUP                          0001:0000            00000040



                        +--------------+
                        |   Segments   |
                        +--------------+

Segment                Class          Group          Address         Size
=======                =====          =====          =======         ====

_HEADER                DATA           DGROUP         0001:0000       0000001e
CONST                  DATA           DGROUP         0001:001e       00000000
CONST2                 DATA           DGROUP         0001:001e       00000000
_DATA                  DATA           DGROUP         0001:001e       00000000
_BSS                   BSS            DGROUP         0001:001e       00000004
_INITDATA              INITDATA       DGROUP         0001:0022       0000001e
_TEXT                  CODE           AUTO           0002:0000       0000015e
_INITCODE              CODE           AUTO           0002:015e       00000045


                        +----------------+
                        |   Memory Map   |
                        +----------------+

* = unreferenced symbol
+ = symbol only referenced locally

Address        Symbol
=======        ======

Module: devsegs.obj(E:\code\hlt\devsegs.asm)
0001:0022      _OffFinalDS
0002:015e      _OffFinalCS
Module: header.obj(E:\code\hlt\header.c)
0001:0000*     _DDHeader
Module: init.obj(E:\code\hlt\init.c)
0001:003e+     _WELCOME_LENGTH
0002:015f      StratInit_
Module: strategy.obj(E:\code\hlt\strategy.c)
0002:0030      Strategy_
0001:001e      _DevHlp
Module: ioctl.obj(E:\code\hlt\ioctl.c)
0002:0097      StratIOCtl_
Module: remove.obj(E:\code\hlt\remove.c)
0002:00b7*     StratRemove_
Module: shutdown.obj(E:\code\hlt\shutdown.c)
0002:00d7*     StratShutdown_
Module: error.obj(E:\code\hlt\error.c)
0002:00f7*     StratError_
Module: open.obj(E:\code\hlt\open.c)
0002:0117      StratOpen_
Module: close.obj(E:\code\hlt\close.c)
0002:0124      StratClose_
Module: read.obj(E:\code\hlt\read.c)
0002:0131      StratRead_
Module: write.obj(E:\code\hlt\write.c)
0002:013e      StratWrite_


                        +----------------------+
                        |   Imported Symbols   |
                        +----------------------+

Symbol                              Module
======                              ======

DOSWRITE                            DOSCALLS
DOSBEEP                             DOSCALLS


                        +--------------------+
                        |   Libraries Used   |
                        +--------------------+

e:\compilers\WATCOM/lib286/os2\os2.lib


                        +-----------------------+
                        |   Linker Statistics   |
                        +-----------------------+

Stack size:  0000 (0.)
Memory size:  01e3 (483.)
Link time: 00:00.79
